---
source: tests/integration_test.rs
expression: cup
---
CupFile {
    waypoints: [
        Waypoint {
            name: "Aachen Stolberg TV",
            code: "",
            country: "",
            latitude: 50.77875,
            longitude: 6.243633333333333,
            elevation: Meters(
                287.0,
            ),
            style: Waypoint,
            runway_direction: None,
            runway_length: None,
            runway_width: None,
            frequency: "",
            description: "",
            userdata: "",
            pictures: [],
        },
        Waypoint {
            name: "Wendepunkt",
            code: "",
            country: "",
            latitude: 49.17451666666667,
            longitude: 6.754866666666667,
            elevation: Meters(
                280.0,
            ),
            style: Waypoint,
            runway_direction: None,
            runway_length: None,
            runway_width: None,
            frequency: "",
            description: "",
            userdata: "",
            pictures: [],
        },
        Waypoint {
            name: "Helmstadter Berg",
            code: "",
            country: "",
            latitude: 49.776583333333335,
            longitude: 9.727233333333333,
            elevation: Meters(
                347.0,
            ),
            style: Waypoint,
            runway_direction: None,
            runway_length: None,
            runway_width: None,
            frequency: "",
            description: "",
            userdata: "",
            pictures: [],
        },
        Waypoint {
            name: "Linnich Station",
            code: "",
            country: "",
            latitude: 50.98445,
            longitude: 6.276033333333333,
            elevation: Meters(
                61.0,
            ),
            style: Waypoint,
            runway_direction: None,
            runway_length: None,
            runway_width: None,
            frequency: "",
            description: "",
            userdata: "",
            pictures: [],
        },
    ],
    tasks: [
        Task {
            description: Some(
                "709 km · Dreieck · DMSt · Aachen Stolberg TV_282915",
            ),
            waypoint_names: [
                "Aachen Stolberg TV",
                "Wendepunkt",
                "Helmstadter Berg",
                "Linnich Station",
                "Aachen Stolberg TV",
            ],
            options: Some(
                TaskOptions {
                    no_start: None,
                    task_time: None,
                    wp_dis: None,
                    near_dis: None,
                    near_alt: None,
                    min_dis: None,
                    random_order: None,
                    max_pts: None,
                    before_pts: None,
                    after_pts: None,
                    bonus: None,
                },
            ),
            observation_zones: [
                ObservationZone {
                    index: 0,
                    style: ToNextPoint,
                    r1: Some(
                        Meters(
                            1000.0,
                        ),
                    ),
                    a1: Some(
                        180.0,
                    ),
                    r2: None,
                    a2: None,
                    a12: None,
                    line: None,
                },
                ObservationZone {
                    index: 1,
                    style: Symmetrical,
                    r1: Some(
                        Meters(
                            20000.0,
                        ),
                    ),
                    a1: Some(
                        45.0,
                    ),
                    r2: None,
                    a2: None,
                    a12: None,
                    line: None,
                },
                ObservationZone {
                    index: 2,
                    style: Symmetrical,
                    r1: Some(
                        Meters(
                            20000.0,
                        ),
                    ),
                    a1: Some(
                        45.0,
                    ),
                    r2: None,
                    a2: None,
                    a12: None,
                    line: None,
                },
                ObservationZone {
                    index: 3,
                    style: Symmetrical,
                    r1: Some(
                        Meters(
                            20000.0,
                        ),
                    ),
                    a1: Some(
                        45.0,
                    ),
                    r2: None,
                    a2: None,
                    a12: None,
                    line: None,
                },
                ObservationZone {
                    index: 4,
                    style: ToPreviousPoint,
                    r1: Some(
                        Meters(
                            1000.0,
                        ),
                    ),
                    a1: Some(
                        180.0,
                    ),
                    r2: None,
                    a2: None,
                    a12: None,
                    line: None,
                },
            ],
            points: [],
            multiple_starts: [],
        },
    ],
}
